../Core/Src/main.c:79:5:main	16	static
../Core/Src/main.c:164:6:SystemClock_Config	72	static
../Core/Src/main.c:201:13:MX_TIM2_Init	40	static
../Core/Src/main.c:246:13:MX_USART2_UART_Init	8	static
../Core/Src/main.c:281:13:MX_GPIO_Init	40	static
../Core/Src/main.c:332:13:NumberOne	8	static
../Core/Src/main.c:337:13:NumberTwo	8	static
../Core/Src/main.c:342:13:NumberThree	8	static
../Core/Src/main.c:347:13:NumberFour	8	static
../Core/Src/main.c:352:13:NumberFive	8	static
../Core/Src/main.c:357:13:NumberSix	8	static
../Core/Src/main.c:367:6:Error_Handler	4	static,ignoring_inline_asm
