../Core/Src/main.c:75:5:main	16	static
../Core/Src/main.c:181:6:SystemClock_Config	72	static
../Core/Src/main.c:218:13:MX_USART2_UART_Init	8	static
../Core/Src/main.c:253:13:MX_GPIO_Init	40	static
../Core/Src/main.c:304:13:NumberOne	8	static
../Core/Src/main.c:309:13:NumberTwo	8	static
../Core/Src/main.c:314:13:NumberThree	8	static
../Core/Src/main.c:319:13:NumberFour	8	static
../Core/Src/main.c:324:13:NumberFive	8	static
../Core/Src/main.c:329:13:NumberSix	8	static
../Core/Src/main.c:339:6:Error_Handler	4	static,ignoring_inline_asm
