../Core/Src/stm32f3xx_it.c:87:6:NMI_Handler	4	static
../Core/Src/stm32f3xx_it.c:102:6:HardFault_Handler	4	static
../Core/Src/stm32f3xx_it.c:117:6:MemManage_Handler	4	static
../Core/Src/stm32f3xx_it.c:132:6:BusFault_Handler	4	static
../Core/Src/stm32f3xx_it.c:147:6:UsageFault_Handler	4	static
../Core/Src/stm32f3xx_it.c:162:6:SVC_Handler	4	static
../Core/Src/stm32f3xx_it.c:175:6:DebugMon_Handler	4	static
../Core/Src/stm32f3xx_it.c:188:6:PendSV_Handler	4	static
../Core/Src/stm32f3xx_it.c:201:6:SysTick_Handler	8	static
../Core/Src/stm32f3xx_it.c:222:6:EXTI15_10_IRQHandler	8	static
../Core/Src/stm32f3xx_it.c:236:6:TIM6_DAC_IRQHandler	8	static
../Core/Src/stm32f3xx_it.c:291:13:Number_One	8	static
../Core/Src/stm32f3xx_it.c:296:13:Number_Two	8	static
../Core/Src/stm32f3xx_it.c:301:13:Number_Three	8	static
../Core/Src/stm32f3xx_it.c:306:13:Number_Four	8	static
../Core/Src/stm32f3xx_it.c:311:13:Number_Five	8	static
../Core/Src/stm32f3xx_it.c:316:13:Number_Six	8	static
