../Core/Src/stm32f3xx_it.c:85:6:NMI_Handler	4	static
../Core/Src/stm32f3xx_it.c:100:6:HardFault_Handler	4	static
../Core/Src/stm32f3xx_it.c:115:6:MemManage_Handler	4	static
../Core/Src/stm32f3xx_it.c:130:6:BusFault_Handler	4	static
../Core/Src/stm32f3xx_it.c:145:6:UsageFault_Handler	4	static
../Core/Src/stm32f3xx_it.c:160:6:SVC_Handler	4	static
../Core/Src/stm32f3xx_it.c:173:6:DebugMon_Handler	4	static
../Core/Src/stm32f3xx_it.c:186:6:PendSV_Handler	4	static
../Core/Src/stm32f3xx_it.c:199:6:SysTick_Handler	8	static
../Core/Src/stm32f3xx_it.c:220:6:EXTI15_10_IRQHandler	8	static
../Core/Src/stm32f3xx_it.c:234:6:TIM6_DAC_IRQHandler	8	static
../Core/Src/stm32f3xx_it.c:284:13:NumberOne	8	static
../Core/Src/stm32f3xx_it.c:289:13:NumberTwo	8	static
../Core/Src/stm32f3xx_it.c:294:13:NumberThree	8	static
../Core/Src/stm32f3xx_it.c:299:13:NumberFour	8	static
../Core/Src/stm32f3xx_it.c:304:13:NumberFive	8	static
../Core/Src/stm32f3xx_it.c:309:13:NumberSix	8	static
